./make : E:\GitHub\bvcmsdocs\source\Administration\Setting_Index.rst:30: WARNING: Inline interpreted text or phrase reference 
start-string without end-string.
At line:1 char:1
+ ./make html2 2> err
+ ~~~~~~~~~~~~~~~~~~~
    + CategoryInfo          : NotSpecified: (E:\GitHub\bvcms...out end-string.:String) [], RemoteException
    + FullyQualifiedErrorId : NativeCommandError
 
E:\GitHub\bvcmsdocs\source\Checkin\CheckinAddFamily.rst:22: ERROR: Unexpected indentation.
E:\GitHub\bvcmsdocs\source\Checkin\CheckinAddFamily.rst:23: WARNING: Block quote ends without a blank line; unexpected unindent.
E:\GitHub\bvcmsdocs\source\Checkin\CheckinAddFamily.rst:36: WARNING: Definition list ends without a blank line; unexpected 
unindent.
E:\GitHub\bvcmsdocs\source\Checkin\CheckinAddFamily.rst:57: ERROR: Unexpected indentation.
E:\GitHub\bvcmsdocs\source\Checkin\CheckinAddFamily.rst:58: WARNING: Block quote ends without a blank line; unexpected unindent.

E:\GitHub\bvcmsdocs\source\Checkin\CheckinAddFamily.rst:60: WARNING: Definition list ends without a blank line; unexpected 
unindent.
E:\GitHub\bvcmsdocs\source\Checkin\CheckinAddToFamily.rst:26: ERROR: Unexpected indentation.

E:\GitHub\bvcmsdocs\source\Checkin\CheckinAddToFamily.rst:27: WARNING: Block quote ends without a blank line; unexpected 
unindent.

E:\GitHub\bvcmsdocs\source\Checkin\CheckinAddToFamily.rst:40: WARNING: Definition list ends without a blank line; unexpected 
unindent.

E:\GitHub\bvcmsdocs\source\Checkin\CheckinGettingStarted.rst:19: WARNING: Inline strong start-string without end-string.

E:\GitHub\bvcmsdocs\source\Checkin\CheckinLabelsCodes.rst:39: ERROR: Undefined substitution referenced: "image0| |image1".

E:\GitHub\bvcmsdocs\source\Checkin\CheckinLabelsCodes.rst:20: ERROR: Unknown target name: "list of codes below".

E:\GitHub\bvcmsdocs\source\Checkin\CheckinOrgSettings.rst:12: WARNING: Definition list ends without a blank line; unexpected 
unindent.

E:\GitHub\bvcmsdocs\source\Checkin\CheckinOrgSettings.rst:17: WARNING: Definition list ends without a blank line; unexpected 
unindent.

E:\GitHub\bvcmsdocs\source\Checkin\CheckinOrgSettings.rst:21: WARNING: Definition list ends without a blank line; unexpected 
unindent.

E:\GitHub\bvcmsdocs\source\Checkin\CheckinOrgSettings.rst:28: WARNING: Definition list ends without a blank line; unexpected 
unindent.

E:\GitHub\bvcmsdocs\source\Checkin\CheckinOrgSettings.rst:31: WARNING: Definition list ends without a blank line; unexpected 
unindent.

E:\GitHub\bvcmsdocs\source\Checkin\CheckinOrgSettings.rst:34: WARNING: Definition list ends without a blank line; unexpected 
unindent.

E:\GitHub\bvcmsdocs\source\Checkin\CheckinOrgSettings.rst:40: WARNING: Definition list ends without a blank line; unexpected 
unindent.

E:\GitHub\bvcmsdocs\source\Checkin\CheckinOrgSettings.rst:44: ERROR: Unexpected indentation.

E:\GitHub\bvcmsdocs\source\Checkin\CheckinOrgSettings.rst:44: WARNING: Inline interpreted text or phrase reference start-string 
without end-string.

E:\GitHub\bvcmsdocs\source\Checkin\CheckinOrgSettings.rst:45: WARNING: Block quote ends without a blank line; unexpected 
unindent.

E:\GitHub\bvcmsdocs\source\Checkin\CheckinSettings.rst:17: WARNING: Line block ends without a blank line.

E:\GitHub\bvcmsdocs\source\Checkin\CheckinSettings.rst:24: WARNING: Line block ends without a blank line.

E:\GitHub\bvcmsdocs\source\Checkin\CheckinSettings.rst:32: WARNING: Line block ends without a blank line.

E:\GitHub\bvcmsdocs\source\Checkin\CheckinSettings.rst:59: WARNING: Line block ends without a blank line.

E:\GitHub\bvcmsdocs\source\Checkin\CheckinSettings.rst:73: WARNING: Line block ends without a blank line.

E:\GitHub\bvcmsdocs\source\Checkin\CheckinSettings.rst:78: WARNING: Line block ends without a blank line.

E:\GitHub\bvcmsdocs\source\Checkin\CheckinSettings.rst:92: WARNING: Line block ends without a blank line.

E:\GitHub\bvcmsdocs\source\Checkin\CheckinSettings.rst:109: WARNING: Line block ends without a blank line.

E:\GitHub\bvcmsdocs\source\Checkin\CheckinSettings.rst:124: WARNING: Line block ends without a blank line.
E:\GitHub\bvcmsdocs\source\Checkin\CheckinSettings.rst:129: WARNING: Line block ends without a blank line.

E:\GitHub\bvcmsdocs\source\Checkin\CheckinSettings.rst:134: WARNING: Line block ends without a blank line.

E:\GitHub\bvcmsdocs\source\Checkin\CheckinSettings.rst:141: WARNING: Line block ends without a blank line.

E:\GitHub\bvcmsdocs\source\Checkin\CheckinSettings.rst:145: WARNING: Line block ends without a blank line.

E:\GitHub\bvcmsdocs\source\Checkin\CheckinSettings.rst:153: WARNING: Line block ends without a blank line.

E:\GitHub\bvcmsdocs\source\Checkin\CheckinSettings.rst:158: WARNING: Line block ends without a blank line.

E:\GitHub\bvcmsdocs\source\Checkin\CheckinSettings.rst:162: WARNING: Line block ends without a blank line.

E:\GitHub\bvcmsdocs\source\Checkin\CheckinSettings.rst:169: WARNING: Line block ends without a blank line.

E:\GitHub\bvcmsdocs\source\Checkin\CheckinUsingTouchscreens.rst:27: WARNING: Line block ends without a blank line.

E:\GitHub\bvcmsdocs\source\Checkin\CheckinUsingTouchscreens.rst:60: WARNING: Line block ends without a blank line.

E:\GitHub\bvcmsdocs\source\Checkin\CheckinUsingTouchscreens.rst:72: WARNING: Line block ends without a blank line.

E:\GitHub\bvcmsdocs\source\Checkin\CheckinUsingTouchscreens.rst:98: WARNING: Line block ends without a blank line.

E:\GitHub\bvcmsdocs\source\Checkin\CheckinUsingTouchscreens.rst:111: ERROR: Unexpected indentation.

E:\GitHub\bvcmsdocs\source\Checkin\CheckinUsingTouchscreens.rst:112: WARNING: Block quote ends without a blank line; unexpected 
unindent.

E:\GitHub\bvcmsdocs\source\Checkin\CheckinUsingTouchscreens.rst:118: WARNING: Line block ends without a blank line.

E:\GitHub\bvcmsdocs\source\Checkin\CheckinUsingTouchscreens.rst:190: WARNING: Line block ends without a blank line.

E:\GitHub\bvcmsdocs\source\Checkin\CheckinUsingTouchscreens.rst:203: WARNING: Line block ends without a blank line.

E:\GitHub\bvcmsdocs\source\Checkin\CheckinUsingTouchscreens.rst:220: WARNING: Definition list ends without a blank line; 
unexpected unindent.

E:\GitHub\bvcmsdocs\source\Checkin\CheckinUsingTouchscreens.rst:268: WARNING: Definition list ends without a blank line; 
unexpected unindent.

E:\GitHub\bvcmsdocs\source\Checkin\CheckinUsingTouchscreens.rst:293: WARNING: Line block ends without a blank line.

E:\GitHub\bvcmsdocs\source\Checkin\CheckinUsingTouchscreens.rst:312: WARNING: Line block ends without a blank line.

E:\GitHub\bvcmsdocs\source\Checkin\CheckinUsingTouchscreens.rst:339: WARNING: Line block ends without a blank line.

E:\GitHub\bvcmsdocs\source\Checkin\HardwareList.rst:50: WARNING: Block quote ends without a blank line; unexpected unindent.

E:\GitHub\bvcmsdocs\source\Checkin\InstallingCheckin.rst:32: ERROR: Unexpected indentation.

E:\GitHub\bvcmsdocs\source\Checkin\InstallingCheckin.rst:30: WARNING: Inline strong start-string without end-string.

E:\GitHub\bvcmsdocs\source\Checkin\InstallingCheckin.rst:33: WARNING: Block quote ends without a blank line; unexpected unindent.

E:\GitHub\bvcmsdocs\source\Checkin\PrintingLabelsFromKiosk.rst:15: WARNING: Enumerated list ends without a blank line; 
unexpected unindent.

E:\GitHub\bvcmsdocs\source\Checkin\RecordingAttendanceiPad.rst:94: ERROR: Undefined substitution referenced: "image2| |image3| 
|image4".

E:\GitHub\bvcmsdocs\source\Checkin\TestingCheckin.rst:22: WARNING: Inline strong start-string without end-string.

E:\GitHub\bvcmsdocs\source\Checkin\TestingCheckin.rst:33: ERROR: Unexpected indentation.

E:\GitHub\bvcmsdocs\source\Checkin\TestingCheckin.rst:60: ERROR: Unexpected indentation.

E:\GitHub\bvcmsdocs\source\ContactsAndTasks\Tasks.rst:14: WARNING: Title underline too short.

:doc:`**View the video about Assigning Tasks**  <../ContactsAndTasks/AcceptingTasks>`
~~~~~~~~~~~~~~~~~~~~~~~~~~~~~~~~~~~~~~~~~~~~~~~~~~~~~~~~~~~~~~~~~~~~~~~~~~~~

E:\GitHub\bvcmsdocs\source\ContactsAndTasks\Tasks.rst:14: WARNING: Title underline too short.

:doc:`**View the video about Assigning Tasks**  <../ContactsAndTasks/AcceptingTasks>`
~~~~~~~~~~~~~~~~~~~~~~~~~~~~~~~~~~~~~~~~~~~~~~~~~~~~~~~~~~~~~~~~~~~~~~~~~~~~

E:\GitHub\bvcmsdocs\source\ContactsAndTasks\Tasks.rst:17: WARNING: Title underline too short.

:doc:`**View the video about Accepting and Completing Tasks**  <AssigningTasks>`
~~~~~~~~~~~~~~~~~~~~~~~~~~~~~~~~~~~~~~~~~~~~~~~~~~~~~~~~~~~~~~~~~~~~~~~~~~~~~~~

E:\GitHub\bvcmsdocs\source\ContactsAndTasks\Tasks.rst:17: WARNING: Title underline too short.

:doc:`**View the video about Accepting and Completing Tasks**  <AssigningTasks>`
~~~~~~~~~~~~~~~~~~~~~~~~~~~~~~~~~~~~~~~~~~~~~~~~~~~~~~~~~~~~~~~~~~~~~~~~~~~~~~~

E:\GitHub\bvcmsdocs\source\EmailTexting\ComposeVoteLinks.rst:29: ERROR: Unexpected indentation.

E:\GitHub\bvcmsdocs\source\EmailTexting\ComposeVoteLinks.rst:63: WARNING: Title underline too short.

:doc:`**Learn more about Register Links**  <../OnlineRegistration/ComposeRegisterLinks>`
~~~~~~~~~~~~~~~~~~~~~~~~~~~~~~~~~~~~~~~~~~~~~~~~~~~~~~~~~~~~~~~~~~~~~~~~~~~~~~~~~~~~~~~

E:\GitHub\bvcmsdocs\source\EmailTexting\ComposeVoteLinks.rst:63: WARNING: Title underline too short.

:doc:`**Learn more about Register Links**  <../OnlineRegistration/ComposeRegisterLinks>`
~~~~~~~~~~~~~~~~~~~~~~~~~~~~~~~~~~~~~~~~~~~~~~~~~~~~~~~~~~~~~~~~~~~~~~~~~~~~~~~~~~~~~~~

E:\GitHub\bvcmsdocs\source\EmailTexting\CreateAccount.rst:108: ERROR: Unexpected indentation.

E:\GitHub\bvcmsdocs\source\EmailTexting\CreateAccount.rst:108: WARNING: Inline emphasis start-string without end-string.

E:\GitHub\bvcmsdocs\source\EmailTexting\CreateAccount.rst:109: WARNING: Block quote ends without a blank line; unexpected 
unindent.

E:\GitHub\bvcmsdocs\source\EmailTexting\EmailReplacements.rst:15: ERROR: Unexpected indentation.

E:\GitHub\bvcmsdocs\source\EmailTexting\EmailReplacements.rst:16: WARNING: Block quote ends without a blank line; unexpected 
unindent.

E:\GitHub\bvcmsdocs\source\EmailTexting\EmailTemplatesUsers.rst:16: WARNING: Line block ends without a blank line.

E:\GitHub\bvcmsdocs\source\EmailTexting\Emails_Details.rst:96: ERROR: Unexpected indentation.

E:\GitHub\bvcmsdocs\source\EmailTexting\Emails_Index.rst:26: WARNING: Definition list ends without a blank line; unexpected 
unindent.

E:\GitHub\bvcmsdocs\source\EmailTexting\Emails_Index.rst:31: WARNING: Definition list ends without a blank line; unexpected 
unindent.

E:\GitHub\bvcmsdocs\source\EmailTexting\Emails_Index.rst:33: ERROR: Unexpected indentation.

E:\GitHub\bvcmsdocs\source\EmailTexting\Emails_Index.rst:34: WARNING: Block quote ends without a blank line; unexpected unindent.

E:\GitHub\bvcmsdocs\source\EmailTexting\Emails_Index.rst:42: WARNING: Definition list ends without a blank line; unexpected 
unindent.

E:\GitHub\bvcmsdocs\source\EmailTexting\Emails_Index.rst:46: WARNING: Definition list ends without a blank line; unexpected 
unindent.

E:\GitHub\bvcmsdocs\source\EmailTexting\Emails_Index.rst:50: WARNING: Definition list ends without a blank line; unexpected 
unindent.

E:\GitHub\bvcmsdocs\source\EmailTexting\Emails_Index.rst:53: WARNING: Definition list ends without a blank line; unexpected 
unindent.

E:\GitHub\bvcmsdocs\source\EmailTexting\Emails_Index.rst:56: WARNING: Definition list ends without a blank line; unexpected 
unindent.

E:\GitHub\bvcmsdocs\source\EmailTexting\Emails_SentBy.rst:14: WARNING: Inline strong start-string without end-string.

E:\GitHub\bvcmsdocs\source\EmailTexting\SendingTexts.rst:27: ERROR: Unknown target name: "tracking section".

E:\GitHub\bvcmsdocs\source\EmailTexting\Texting.rst:16: ERROR: Unexpected indentation.

E:\GitHub\bvcmsdocs\source\EmailTexting\Texting.rst:17: WARNING: Block quote ends without a blank line; unexpected unindent.

E:\GitHub\bvcmsdocs\source\EmailTexting\TextingTwilio.rst:67: WARNING: Title underline too short.

Remove the URLs** in both fields and click Save Changes
============================================

E:\GitHub\bvcmsdocs\source\EmailTexting\TextingTwilio.rst:66: SEVERE: Title level inconsistent:

Remove the URLs** in both fields and click Save Changes
============================================

E:\GitHub\bvcmsdocs\source\EmailTexting\TrackingEmails.rst:16: WARNING: Bullet list ends without a blank line; unexpected 
unindent.

E:\GitHub\bvcmsdocs\source\EmailTexting\Twilio_Index.rst:31: ERROR: Undefined substitution referenced: "image1| |image2".

E:\GitHub\bvcmsdocs\source\EmailTexting\UsersCanEmailFor.rst:25: WARNING: Definition list ends without a blank line; unexpected 
unindent.

E:\GitHub\bvcmsdocs\source\EmailTexting\UsersCanEmailFor.rst:37: ERROR: Unexpected indentation.

E:\GitHub\bvcmsdocs\source\Finance\Bundle_Index.rst:11: ERROR: Unexpected indentation.

E:\GitHub\bvcmsdocs\source\Finance\Bundle_Index.rst:12: WARNING: Block quote ends without a blank line; unexpected unindent.

E:\GitHub\bvcmsdocs\source\Finance\ContributionStatements.rst:93: WARNING: Title underline too short.

Contribution Options in the Settings
------------------------

E:\GitHub\bvcmsdocs\source\Finance\ContributionStatements.rst:93: WARNING: Title underline too short.

Contribution Options in the Settings
------------------------

E:\GitHub\bvcmsdocs\source\Finance\ContributionsRecordGiftsInKind.rst:23: WARNING: Definition list ends without a blank line; 
unexpected unindent.

E:\GitHub\bvcmsdocs\source\Finance\ContributionsRecordGiftsInKind.rst:32: WARNING: Definition list ends without a blank line; 
unexpected unindent.

E:\GitHub\bvcmsdocs\source\Finance\ContributionsRecordGiftsInKind.rst:45: ERROR: Unexpected indentation.

E:\GitHub\bvcmsdocs\source\Finance\Contributions_All.rst:39: WARNING: Definition list ends without a blank line; unexpected 
unindent.

E:\GitHub\bvcmsdocs\source\Finance\Contributions_All.rst:53: WARNING: Definition list ends without a blank line; unexpected 
unindent.

E:\GitHub\bvcmsdocs\source\Finance\Contributions_All.rst:55: WARNING: Inline strong start-string without end-string.

E:\GitHub\bvcmsdocs\source\Finance\Contributions_All.rst:56: WARNING: Definition list ends without a blank line; unexpected 
unindent.

E:\GitHub\bvcmsdocs\source\Finance\Contributions_All.rst:56: WARNING: Inline strong start-string without end-string.

E:\GitHub\bvcmsdocs\source\Finance\Contributions_All.rst:59: WARNING: Definition list ends without a blank line; unexpected 
unindent.

E:\GitHub\bvcmsdocs\source\Finance\Contributions_All.rst:64: WARNING: Definition list ends without a blank line; unexpected 
unindent.

E:\GitHub\bvcmsdocs\source\Finance\Contributions_All.rst:68: WARNING: Definition list ends without a blank line; unexpected 
unindent.

E:\GitHub\bvcmsdocs\source\Finance\Contributions_All.rst:71: WARNING: Definition list ends without a blank line; unexpected 
unindent.

E:\GitHub\bvcmsdocs\source\Finance\Contributions_All.rst:73: WARNING: Inline strong start-string without end-string.

E:\GitHub\bvcmsdocs\source\Finance\Contributions_All.rst:74: WARNING: Definition list ends without a blank line; unexpected 
unindent.

E:\GitHub\bvcmsdocs\source\Finance\Contributions_GLExtract.rst:15: WARNING: Definition list ends without a blank line; 
unexpected unindent.

E:\GitHub\bvcmsdocs\source\Finance\FinanceReports_ManagedGiving.rst:27: WARNING: Definition list ends without a blank line; 
unexpected unindent.

E:\GitHub\bvcmsdocs\source\Finance\FinanceReports_ManagedGiving.rst:30: WARNING: Definition list ends without a blank line; 
unexpected unindent.

E:\GitHub\bvcmsdocs\source\Finance\FinanceReports_ManagedGiving.rst:35: WARNING: Definition list ends without a blank line; 
unexpected unindent.

E:\GitHub\bvcmsdocs\source\Finance\FinanceReports_TotalsByFund.rst:18: WARNING: Inline strong start-string without end-string.

E:\GitHub\bvcmsdocs\source\Finance\FinanceReports_TotalsByFund.rst:20: WARNING: Definition list ends without a blank line; 
unexpected unindent.

E:\GitHub\bvcmsdocs\source\Finance\FinanceReports_TotalsByFund.rst:67: SEVERE: Title level inconsistent:

Bundle Totals Fund Report
============================================
E:\GitHub\bvcmsdocs\source\Finance\OnlineGiving.rst:79: ERROR: Unexpected indentation.

E:\GitHub\bvcmsdocs\source\Finance\OnlineGiving.rst:80: WARNING: Block quote ends without a blank line; unexpected unindent.
E:\GitHub\bvcmsdocs\source\Finance\OnlineGiving.rst:118: WARNING: Line block ends without a blank line.

E:\GitHub\bvcmsdocs\source\Finance\OnlinePledges.rst:157: SEVERE: Title level inconsistent:

FAQs:
-----

E:\GitHub\bvcmsdocs\source\Finance\PostBundle_Index.rst:11: WARNING: Definition list ends without a blank line; unexpected 
unindent.

E:\GitHub\bvcmsdocs\source\Finance\ReturnedChecks.rst:22: WARNING: Title underline too short.

Go to the individual's people record and select Giving > Statements
============================================

E:\GitHub\bvcmsdocs\source\Finance\ReturnedChecks.rst:32: WARNING: Line block ends without a blank line.

E:\GitHub\bvcmsdocs\source\Finance\Transactions_Index.rst:39: WARNING: Definition list ends without a blank line; unexpected 
unindent.

E:\GitHub\bvcmsdocs\source\Finance\Transactions_Index.rst:42: WARNING: Definition list ends without a blank line; unexpected 
unindent.

E:\GitHub\bvcmsdocs\source\Finance\Transactions_Index.rst:45: WARNING: Definition list ends without a blank line; unexpected 
unindent.

E:\GitHub\bvcmsdocs\source\Finance\Transactions_Index.rst:50: WARNING: Definition list ends without a blank line; unexpected 
unindent.

E:\GitHub\bvcmsdocs\source\Finance\Transactions_Index.rst:53: WARNING: Definition list ends without a blank line; unexpected 
unindent.

E:\GitHub\bvcmsdocs\source\Finance\Transactions_Index.rst:55: ERROR: Unexpected indentation.
E:\GitHub\bvcmsdocs\source\Finance\Transactions_Index.rst:58: WARNING: Definition list ends without a blank line; unexpected 
unindent.

E:\GitHub\bvcmsdocs\source\Finance\Transactions_Index.rst:63: WARNING: Definition list ends without a blank line; unexpected 
unindent.

E:\GitHub\bvcmsdocs\source\ForDocumenters\links.rst:16: ERROR: Unknown target name: "http://www.google.com".

E:\GitHub\bvcmsdocs\source\GettingStarted\FirstSteps.rst:15: WARNING: undecodable source characters, replacing with "?": 'we 
will create a>>>\xa0<<<people record for the person who is designated '

E:\GitHub\bvcmsdocs\source\GettingStarted\FirstSteps.rst:16: WARNING: undecodable source characters, replacing with "?": 'as 
the>>>\xa0<<<System Administrator for your BVCMS database.'

E:\GitHub\bvcmsdocs\source\GettingStarted\FirstSteps.rst:78: WARNING: undecodable source characters, replacing with "?": '    -  
Change the PeopleId#s>>>\xa0<<<from 3 to your People ID Number '

E:\GitHub\bvcmsdocs\source\GettingStarted\FirstSteps.rst:87: WARNING: undecodable source characters, replacing with "?": '    -  
Enter>>>\xa0<<<your church address\xa0- example: 2000 Appling Rd, Cordova, TN'

E:\GitHub\bvcmsdocs\source\GettingStarted\FirstSteps.rst:87: WARNING: undecodable source characters, replacing with "?": '    -  
Enter\xa0your church address>>>\xa0<<<- example: 2000 Appling Rd, Cordova, TN'
E:\GitHub\bvcmsdocs\source\GettingStarted\FirstSteps.rst:88: WARNING: undecodable source characters, replacing with "?": '    -  
Press>>>\xa0<<<Enter\xa0to accept the address'
E:\GitHub\bvcmsdocs\source\GettingStarted\FirstSteps.rst:88: WARNING: undecodable source characters, replacing with "?": '    -  
Press\xa0Enter>>>\xa0<<<to accept the address'
E:\GitHub\bvcmsdocs\source\GettingStarted\FirstSteps.rst:123: WARNING: undecodable source characters, replacing with "?": '      
 -  :doc:`Or you can>>>\xa0<<<add new records directly to your new database. <../SearchAdd/AddNewPerson>`'
E:\GitHub\bvcmsdocs\source\GettingStarted\FirstSteps.rst:178: WARNING: undecodable source characters, replacing with "?": '      
    for a group of records by>>>\xa0<<<using\xa0the `Admin > Update for a Tag` feature.'
E:\GitHub\bvcmsdocs\source\GettingStarted\FirstSteps.rst:178: WARNING: undecodable source characters, replacing with "?": '      
    for a group of records by\xa0using>>>\xa0<<<the `Admin > Update for a Tag` feature.'
E:\GitHub\bvcmsdocs\source\GettingStarted\FirstSteps.rst:179: WARNING: undecodable source characters, replacing with "?": "      
    This will allow you>>>\xa0<<<to change everyone's church member status"

E:\GitHub\bvcmsdocs\source\GettingStarted\InsertPeople.rst:48: WARNING: undecodable source characters, replacing with "?": '    
Do not use the AltName field unless your congregation is non-English>>>\x85<<<Chinese, for example.'
E:\GitHub\bvcmsdocs\source\GettingStarted\InsertPeople.rst:56: WARNING: undecodable source characters, replacing with "?": '    
**NoSpacesLikeThis** >>>\x96<<< See SampleData tab of the spreadsheet.'
E:\GitHub\bvcmsdocs\source\GettingStarted\InsertPeople.rst:81: WARNING: undecodable source characters, replacing with "?": '    
This is a family with only one person >>>\x96<<< a Primary Adult.'
E:\GitHub\bvcmsdocs\source\Miscellaneous\BasicSearches.rst:20: ERROR: Unexpected indentation.
E:\GitHub\bvcmsdocs\source\Miscellaneous\Videos.rst:345: SEVERE: Title level inconsistent:

Gmail and Calendar:
^^^^^^^^^^^^^^^^^^^
E:\GitHub\bvcmsdocs\source\Miscellaneous\Videos.rst:350: SEVERE: Title level inconsistent:

Annual Promotion:
^^^^^^^^^^^^^^^^^
E:\GitHub\bvcmsdocs\source\Miscellaneous\Videos.rst:356: SEVERE: Title level inconsistent:

MyData Update:
^^^^^^^^^^^^^^
E:\GitHub\bvcmsdocs\source\Miscellaneous\Videos.rst:362: SEVERE: Title level inconsistent:

Lay Leader Access:
^^^^^^^^^^^^^^^^^^
E:\GitHub\bvcmsdocs\source\Miscellaneous\Videos.rst:368: SEVERE: Title level inconsistent:

Picture Directory:
^^^^^^^^^^^^^^^^^^
E:\GitHub\bvcmsdocs\source\Miscellaneous\Webinars.rst:13: ERROR: Unexpected indentation.
E:\GitHub\bvcmsdocs\source\Miscellaneous\Webinars.rst:11: WARNING: Inline strong start-string without end-string.
E:\GitHub\bvcmsdocs\source\Miscellaneous\iPhone.rst:25: ERROR: Unexpected indentation.
E:\GitHub\bvcmsdocs\source\Miscellaneous\iPhone.rst:26: WARNING: Block quote ends without a blank line; unexpected unindent.
E:\GitHub\bvcmsdocs\source\Miscellaneous\iPhone.rst:28: ERROR: Unexpected indentation.
E:\GitHub\bvcmsdocs\source\Miscellaneous\iPhone.rst:29: WARNING: Block quote ends without a blank line; unexpected unindent.
E:\GitHub\bvcmsdocs\source\Miscellaneous\index.rst:6: WARNING: toctree contains reference to nonexisting document 
u'Miscellaneous/LandingPages'
E:\GitHub\bvcmsdocs\source\Miscellaneous\index.rst:6: WARNING: toctree contains reference to nonexisting document 
u'Miscellaneous/Main'

E:\GitHub\bvcmsdocs\source\OnlineRegistration\Coupon_Index.rst:31: WARNING: Definition list ends without a blank line; 
unexpected unindent.
E:\GitHub\bvcmsdocs\source\OnlineRegistration\Coupon_Index.rst:34: ERROR: Unexpected indentation.
E:\GitHub\bvcmsdocs\source\OnlineRegistration\Coupon_Index.rst:35: WARNING: Block quote ends without a blank line; unexpected 
unindent.
E:\GitHub\bvcmsdocs\source\OnlineRegistration\CreatingUserSelectsRegistration.rst:61: WARNING: Bullet list ends without a blank 
line; unexpected unindent.
E:\GitHub\bvcmsdocs\source\OnlineRegistration\CreatingUserSelectsRegistration.rst:61: SEVERE: Missing matching underline for 
section title overline.

============================================
   -  NOTE: In this dialog box, you can drag these in order to change
      the order in which they will display. Just click on the name of
E:\GitHub\bvcmsdocs\source\OnlineRegistration\CreatingUserSelectsRegistration.rst:124: WARNING: Line block ends without a blank 
line.
E:\GitHub\bvcmsdocs\source\OnlineRegistration\FeeSettings.rst:14: WARNING: Definition list ends without a blank line; unexpected 
unindent.
E:\GitHub\bvcmsdocs\source\OnlineRegistration\FeeSettings.rst:17: WARNING: Definition list ends without a blank line; unexpected 
unindent.
E:\GitHub\bvcmsdocs\source\OnlineRegistration\FeeSettings.rst:24: ERROR: Unexpected indentation.
E:\GitHub\bvcmsdocs\source\OnlineRegistration\FeeSettings.rst:25: WARNING: Block quote ends without a blank line; unexpected 
unindent.
E:\GitHub\bvcmsdocs\source\OnlineRegistration\FeeSettings.rst:30: ERROR: Unexpected indentation.
E:\GitHub\bvcmsdocs\source\OnlineRegistration\FeeSettings.rst:31: WARNING: Block quote ends without a blank line; unexpected 
unindent.
E:\GitHub\bvcmsdocs\source\OnlineRegistration\FeeSettings.rst:34: WARNING: Definition list ends without a blank line; unexpected 
unindent.
E:\GitHub\bvcmsdocs\source\OnlineRegistration\FeeSettings.rst:40: WARNING: Definition list ends without a blank line; unexpected 
unindent.
E:\GitHub\bvcmsdocs\source\OnlineRegistration\FeeSettings.rst:43: WARNING: Definition list ends without a blank line; unexpected 
unindent.
E:\GitHub\bvcmsdocs\source\OnlineRegistration\FeeSettings.rst:49: WARNING: Definition list ends without a blank line; unexpected 
unindent.
E:\GitHub\bvcmsdocs\source\OnlineRegistration\FeeSettings.rst:54: WARNING: Definition list ends without a blank line; unexpected 
unindent.
E:\GitHub\bvcmsdocs\source\OnlineRegistration\MessagesSettings.rst:12: WARNING: Definition list ends without a blank line; 
unexpected unindent.
E:\GitHub\bvcmsdocs\source\OnlineRegistration\MessagesSettings.rst:23: WARNING: Definition list ends without a blank line; 
unexpected unindent.
E:\GitHub\bvcmsdocs\source\OnlineRegistration\MessagesSettings.rst:33: WARNING: Definition list ends without a blank line; 
unexpected unindent.
E:\GitHub\bvcmsdocs\source\OnlineRegistration\MessagesSettings.rst:38: WARNING: Bullet list ends without a blank line; 
unexpected unindent.

E:\GitHub\bvcmsdocs\source\OnlineRegistration\MessagesSettings.rst:38: SEVERE: Missing matching underline for section title 
overline.

============================================
   -  **Login**
       These appear on the Login page.
E:\GitHub\bvcmsdocs\source\OnlineRegistration\MessagesSettings.rst:43: WARNING: Definition list ends without a blank line; 
unexpected unindent.
E:\GitHub\bvcmsdocs\source\OnlineRegistration\MessagesSettings.rst:46: WARNING: Definition list ends without a blank line; 
unexpected unindent.
E:\GitHub\bvcmsdocs\source\OnlineRegistration\MessagesSettings.rst:49: WARNING: Definition list ends without a blank line; 
unexpected unindent.
E:\GitHub\bvcmsdocs\source\OnlineRegistration\MessagesSettings.rst:52: WARNING: Definition list ends without a blank line; 
unexpected unindent.
E:\GitHub\bvcmsdocs\source\OnlineRegistration\MessagesSettings.rst:57: WARNING: Definition list ends without a blank line; 
unexpected unindent.
E:\GitHub\bvcmsdocs\source\OnlineRegistration\MessagesSettings.rst:60: WARNING: Definition list ends without a blank line; 
unexpected unindent.
E:\GitHub\bvcmsdocs\source\OnlineRegistration\MessagesSettings.rst:65: WARNING: Definition list ends without a blank line; 
unexpected unindent.
E:\GitHub\bvcmsdocs\source\OnlineRegistration\MessagesSettings.rst:71: WARNING: Definition list ends without a blank line; 
unexpected unindent.
E:\GitHub\bvcmsdocs\source\OnlineRegistration\MessagesSettingsReminder.rst:64: WARNING: Line block ends without a blank line.
E:\GitHub\bvcmsdocs\source\OnlineRegistration\MessagesSettingsReminder.rst:71: WARNING: Inline strong start-string without 
end-string.
E:\GitHub\bvcmsdocs\source\OnlineRegistration\MessagesSettingsReminder.rst:73: WARNING: Definition list ends without a blank 
line; unexpected unindent.
E:\GitHub\bvcmsdocs\source\OnlineRegistration\MessagesSettingsReminder.rst:77: WARNING: Line block ends without a blank line.
E:\GitHub\bvcmsdocs\source\OnlineRegistration\MessagesSettingsReminder.rst:82: WARNING: Line block ends without a blank line.
E:\GitHub\bvcmsdocs\source\OnlineRegistration\MessagesSettingsReminder.rst:86: WARNING: Line block ends without a blank line.
E:\GitHub\bvcmsdocs\source\OnlineRegistration\OnlineRegistrationSampleVBS.rst:41: WARNING: Inline interpreted text or phrase 
reference start-string without end-string.
E:\GitHub\bvcmsdocs\source\OnlineRegistration\OnlineRegistrationSampleVBS.rst:44: WARNING: Inline interpreted text or phrase 
reference start-string without end-string.
E:\GitHub\bvcmsdocs\source\OnlineRegistration\OnlineRegistrationSettings.rst:75: WARNING: Inline interpreted text or phrase 
reference start-string without end-string.
E:\GitHub\bvcmsdocs\source\OnlineRegistration\OnlineRegistrationSettings.rst:77: WARNING: Inline interpreted text or phrase 
reference start-string without end-string.
E:\GitHub\bvcmsdocs\source\OnlineRegistration\OnlineRegistrationSettings.rst:79: WARNING: Inline interpreted text or phrase 
reference start-string without end-string.
E:\GitHub\bvcmsdocs\source\OnlineRegistration\OnlineRegistrationVBS.rst:18: WARNING: Inline interpreted text or phrase reference 
start-string without end-string.
E:\GitHub\bvcmsdocs\source\OnlineRegistration\OnlineRegistrationVBS.rst:56: WARNING: Inline interpreted text or phrase reference 
start-string without end-string.
E:\GitHub\bvcmsdocs\source\OnlineRegistration\OnlineRegistrationVBS.rst:59: WARNING: Inline interpreted text or phrase reference 
start-string without end-string.
E:\GitHub\bvcmsdocs\source\OnlineRegistration\OnlineRegistrationVBS.rst:169: WARNING: Inline interpreted text or phrase 
reference start-string without end-string.
E:\GitHub\bvcmsdocs\source\OnlineRegistration\QuestionSettings.rst:25: WARNING: Definition list ends without a blank line; 
unexpected unindent.
E:\GitHub\bvcmsdocs\source\OnlineRegistration\QuestionSettings.rst:36: WARNING: Definition list ends without a blank line; 
unexpected unindent.
E:\GitHub\bvcmsdocs\source\OnlineRegistration\QuestionSettings.rst:46: WARNING: Definition list ends without a bla
nk line; unexpected unindent.
E:\GitHub\bvcmsdocs\source\OnlineRegistration\QuestionSettings.rst:59: WARNING: Definition list ends without a blank line; 
unexpected unindent.
E:\GitHub\bvcmsdocs\source\OnlineRegistration\QuestionSettings.rst:69: WARNING: Definition list ends without a blank line; 
unexpected unindent.
E:\GitHub\bvcmsdocs\source\OnlineRegistration\QuestionSettings.rst:73: ERROR: Unexpected indentation.
E:\GitHub\bvcmsdocs\source\OnlineRegistration\QuestionSettings.rst:73: WARNING: Inline interpreted text or phrase reference 
start-string without end-string.
E:\GitHub\bvcmsdocs\source\OnlineRegistration\QuestionSettings.rst:74: WARNING: Block quote ends without a blank line; 
unexpected unindent.
E:\GitHub\bvcmsdocs\source\OnlineRegistration\QuestionSettings.rst:80: WARNING: Definition list ends without a blank line; 
unexpected unindent.
E:\GitHub\bvcmsdocs\source\OnlineRegistration\QuestionSettings.rst:89: WARNING: Definition list ends without a blank line; 
unexpected unindent.
E:\GitHub\bvcmsdocs\source\OnlineRegistration\QuestionSettings.rst:95: WARNING: Definition list ends without a blank line; 
unexpected unindent.
E:\GitHub\bvcmsdocs\source\OnlineRegistration\QuestionSettings.rst:101: WARNING: Inline strong start-string without end-string.
E:\GitHub\bvcmsdocs\source\OnlineRegistration\QuestionSettings.rst:102: WARNING: Definition list ends without a blank line; 
unexpected unindent.
E:\GitHub\bvcmsdocs\source\OnlineRegistration\QuestionSettings.rst:108: WARNING: Definition list ends without a blank line; 
unexpected unindent.
E:\GitHub\bvcmsdocs\source\OnlineRegistration\QuestionSettings.rst:115: WARNING: Definition list ends without a blank line; 
unexpected unindent.
E:\GitHub\bvcmsdocs\source\OnlineRegistration\QuestionSettings.rst:122: WARNING: Definition list ends without a blank line; 
unexpected unindent.
E:\GitHub\bvcmsdocs\source\OnlineRegistration\QuestionSettings.rst:133: WARNING: Definition list ends without a blank line; 
unexpected unindent.
E:\GitHub\bvcmsdocs\source\OnlineRegistration\QuestionSettings.rst:139: WARNING: Definition list ends without a blank line; 
unexpected unindent.
E:\GitHub\bvcmsdocs\source\OnlineRegistration\QuestionSettings.rst:146: WARNING: Definition list ends without a blank line; 
unexpected unindent.
E:\GitHub\bvcmsdocs\source\OnlineRegistration\QuestionSettings.rst:157: WARNING: Definition list ends without a blank line; 
unexpected unindent.
E:\GitHub\bvcmsdocs\source\OnlineRegistration\QuestionSettings.rst:166: WARNING: Definition list ends without a blank line; 
unexpected unindent.
E:\GitHub\bvcmsdocs\source\OnlineRegistration\QuestionSettings.rst:170: ERROR: Unexpected indentation.
E:\GitHub\bvcmsdocs\source\OnlineRegistration\QuestionSettings.rst:171: WARNING: Block quote ends without a blank line; 
unexpected unindent.
E:\GitHub\bvcmsdocs\source\OnlineRegistration\QuestionSettings.rst:185: WARNING: Definition list ends without a blank line; 
unexpected unindent.
E:\GitHub\bvcmsdocs\source\OnlineRegistration\QuestionSettings.rst:200: WARNING: Definition list ends without a blank line; 
unexpected unindent.
E:\GitHub\bvcmsdocs\source\OnlineRegistration\QuestionSettings.rst:216: WARNING: Definition list ends without a blank line; 
unexpected unindent.
E:\GitHub\bvcmsdocs\source\OnlineRegistration\QuestionSettings.rst:220: ERROR: Unexpected indentation.

E:\GitHub\bvcmsdocs\source\OnlineRegistration\QuestionSettings.rst:221: WARNING: Block quote ends without a blank line; 
unexpected unindent.
E:\GitHub\bvcmsdocs\source\OnlineRegistration\QuestionSettings.rst:228: WARNING: Definition list ends without a blank line; 
unexpected unindent.
E:\GitHub\bvcmsdocs\source\OnlineRegistration\RegistrationSettings.rst:14: WARNING: Inline strong start-string without 
end-string.
E:\GitHub\bvcmsdocs\source\OnlineRegistration\RegistrationSettings.rst:15: WARNING: Definition list ends without a blank line; 
unexpected unindent.
E:\GitHub\bvcmsdocs\source\OnlineRegistration\RegistrationSettings.rst:20: WARNING: Definition list ends without a blank line; 
unexpected unindent.
E:\GitHub\bvcmsdocs\source\OnlineRegistration\RegistrationSettings.rst:26: WARNING: Definition list ends without a blank line; 
unexpected unindent.
E:\GitHub\bvcmsdocs\source\OnlineRegistration\RegistrationSettings.rst:29: WARNING: Definition list ends without a blank line; 
unexpected unindent.
E:\GitHub\bvcmsdocs\source\OnlineRegistration\RegistrationSettings.rst:32: ERROR: Unexpected indentation.
E:\GitHub\bvcmsdocs\source\OnlineRegistration\RegistrationSettings.rst:33: WARNING: Block quote ends without a blank line; 
unexpected unindent.
E:\GitHub\bvcmsdocs\source\OnlineRegistration\RegistrationSettings.rst:40: WARNING: Definition list ends without a blank line; 
unexpected unindent.
E:\GitHub\bvcmsdocs\source\OnlineRegistration\RegistrationSettings.rst:43: WARNING: Definition list ends without a blank line; 
unexpected unindent.
E:\GitHub\bvcmsdocs\source\OnlineRegistration\RegistrationSettings.rst:50: WARNING: Definition list ends without a blank line; 
unexpected unindent.
E:\GitHub\bvcmsdocs\source\OnlineRegistration\RegistrationSettings.rst:55: WARNING: Definition list ends without a blank line; 
unexpected unindent.
E:\GitHub\bvcmsdocs\source\OnlineRegistration\RegistrationSettings.rst:60: WARNING: Definition list ends without a blank line; 
unexpected unindent.
E:\GitHub\bvcmsdocs\source\OnlineRegistration\RegistrationSettings.rst:65: WARNING: Definition list ends without a blank line; 
unexpected unindent.
E:\GitHub\bvcmsdocs\source\OnlineRegistration\RegistrationSettings.rst:70: WARNING: Definition list ends without a blank line; 
unexpected unindent.
E:\GitHub\bvcmsdocs\source\OnlineRegistration\RegistrationSettings.rst:85: WARNING: Definition list ends without a blank line; 
unexpected unindent.
E:\GitHub\bvcmsdocs\source\OnlineRegistration\RegistrationSettings.rst:88: WARNING: Definition list ends without a blank line; 
unexpected unindent.
E:\GitHub\bvcmsdocs\source\OnlineRegistration\RegistrationSettings.rst:94: WARNING: Definition list ends without a blank line; 
unexpected unindent.
E:\GitHub\bvcmsdocs\source\OnlineRegistration\RegistrationSettings.rst:97: WARNING: Definition list ends without a blank line; 
unexpected unindent.
E:\GitHub\bvcmsdocs\source\OnlineRegistration\RegistrationSettings.rst:100: WARNING: Definition list ends without a blank line; 
unexpected unindent.
E:\GitHub\bvcmsdocs\source\OnlineRegistration\RegistrationSettings.rst:106: WARNING: Definition list ends without a blank line; 
unexpected unindent.
E:\GitHub\bvcmsdocs\source\OnlineRegistration\RegistrationSettings.rst:110: WARNING: Definition list ends without a blank line; 
unexpected unindent.
E:\GitHub\bvcmsdocs\source\OnlineRegistration\RegistrationSettings.rst:113: WARNING: Definition list ends without a blank line; 
unexpected unindent.
E:\GitHub\bvcmsdocs\source\OnlineRegistration\RegistrationSettings.rst:116: WARNING: Definition list ends without a blank line; 
unexpected unindent.
E:\GitHub\bvcmsdocs\source\OnlineRegistration\RegistrationSettings.rst:119: WARNING: Definition list ends without a blank line; 
unexpected unindent.
E:\GitHub\bvcmsdocs\source\OnlineRegistration\RegistrationSettings.rst:128: WARNING: Definition list ends without a blank line; 
unexpected unindent.
E:\GitHub\bvcmsdocs\source\OnlineRegistration\RegistrationSettings.rst:131: WARNING: Definition list ends without a blank line; 
unexpected 
unindent.
E:\GitHub\bvcmsdocs\source\OnlineRegistration\VolunteerManagement.rst:49: ERROR: Unexpected indentation.
E:\GitHub\bvcmsdocs\source\OnlineRegistration\VolunteerManagement.rst:50: WARNING: Block quote ends without a blank line; 
unexpected unindent.
E:\GitHub\bvcmsdocs\source\OnlineRegistration\VolunteerManagement.rst:73: ERROR: Unexpected indentation.
E:\GitHub\bvcmsdocs\source\OnlineRegistration\VolunteerManagement.rst:74: WARNING: Block quote ends without a blank line; 
unexpected unindent.
E:\GitHub\bvcmsdocs\source\Organizations\AddOrganization_Index.rst:24: ERROR: Unexpected indentation.
E:\GitHub\bvcmsdocs\source\Organizations\AddOrganization_Index.rst:25: WARNING: Block quote ends without a blank line; 
unexpected unindent.
E:\GitHub\bvcmsdocs\source\Organizations\AnnualPromotion.rst:109: WARNING: Bullet list ends without a blank line; unexpected 
unindent.
E:\GitHub\bvcmsdocs\source\Organizations\AssignDivision.rst:18: WARNING: Inline strong start-string without end-string.
E:\GitHub\bvcmsdocs\source\Organizations\AssignDivision.rst:19: WARNING: Inline substitution_reference start-string without 
end-string.
E:\GitHub\bvcmsdocs\source\Organizations\AssignDivision.rst:20: WARNING: Inline strong start-string without end-string.
E:\GitHub\bvcmsdocs\source\Organizations\AssignDivision.rst:21: WARNING: Inline substitution_reference start-string without 
end-string.
E:\GitHub\bvcmsdocs\source\Organizations\AssignDivision.rst:24: ERROR: Unexpected indentation.
E:\GitHub\bvcmsdocs\source\Organizations\AttendanceSettings.rst:11: WARNING: Definition list ends without a blank line; 
unexpected unindent.
E:\GitHub\bvcmsdocs\source\Organizations\AttendanceSettings.rst:14: WARNING: Definition list ends without a blank line; 
unexpected unindent.
E:\GitHub\bvcmsdocs\source\Organizations\AttendanceSettings.rst:23: WARNING: Definition list ends without a blank line; 
unexpected unindent.
E:\GitHub\bvcmsdocs\source\Organizations\AttendanceSettings.rst:30: WARNING: Definition list ends without a blank line; 
unexpected unindent.
E:\GitHub\bvcmsdocs\source\Organizations\AttendanceSettings.rst:35: WARNING: Definition list ends without a blank line; 
unexpected unindent.
E:\GitHub\bvcmsdocs\source\Organizations\AttendanceSettings.rst:42: WARNING: Definition list ends without a blank line; 
unexpected unindent.
E:\GitHub\bvcmsdocs\source\Organizations\AttendanceSettings.rst:47: WARNING: Definition list ends without a blank line; 
unexpected unindent.
E:\GitHub\bvcmsdocs\source\Organizations\AttendanceSettings.rst:52: WARNING: Definition list ends without a blank line; 
unexpected unindent.
E:\GitHub\bvcmsdocs\source\Organizations\AttendanceSettings.rst:57: WARNING: Definition list ends without a blank line; 
unexpected unindent.
E:\GitHub\bvcmsdocs\source\Organizations\AttendanceSettings.rst:63: WARNING: Definition list ends without a blank line; 
unexpected unindent.
E:\GitHub\bvcmsdocs\source\Organizations\AttendanceSettings.rst:68: WARNING: Definition list ends without a blank line; 
unexpected unindent.
E:\GitHub\bvcmsdocs\source\Organizations\AttendanceSettings.rst:72: WARNING: Definition list ends without a blank line; 
unexpected unindent.
E:\GitHub\bvcmsdocs\source\Organizations\AttendanceSettings.rst:77: WARNING: Inline interpreted text or phrase reference 
start-string without end-string.
E:\GitHub\bvcmsdocs\source\Organizations\AttendanceSettings.rst:78: WARNING: Definition list ends without a blank line; 
unexpected unindent.
E:\GitHub\bvcmsdocs\source\Organizations\AttendanceString.rst:13: WARNING: Line block ends without a blank line.
E:\GitHub\bvcmsdocs\source\Organizations\CreateDivision.rst:16: ERROR: Unexpected indentation.
E:\GitHub\bvcmsdocs\source\Organizations\CreateDivision.rst:23: WARNING: Inline strong start-string without end-string.
E:\GitHub\bvcmsdocs\source\Organizations\CreateDivision.rst:23: WARNING: Inline substitution_reference start-string without 
end-string.
E:\GitHub\bvcmsdocs\source\Organizations\DroppingOrganizationMembers.rst:36: WARNING: Definition list ends without a blank l
ine; unexpected unindent.
E:\GitHub\bvcmsdocs\source\Organizations\GeneralSettings.rst:11: WARNING: Definition list ends without a blank line; unexpected 
unindent.
E:\GitHub\bvcmsdocs\source\Organizations\GeneralSettings.rst:17: WARNING: Inline interpreted text or phrase reference 
start-string without end-string.
E:\GitHub\bvcmsdocs\source\Organizations\GeneralSettings.rst:24: WARNING: Inline strong start-string without end-string.
E:\GitHub\bvcmsdocs\source\Organizations\GeneralSettings.rst:24: WARNING: Inline emphasis start-string without end-string.
E:\GitHub\bvcmsdocs\source\Organizations\GeneralSettings.rst:25: WARNING: Definition list ends without a blank line; unexpected 
unindent.
E:\GitHub\bvcmsdocs\source\Organizations\GeneralSettings.rst:37: WARNING: Definition list ends without a blank line; unexpected 
unindent.
E:\GitHub\bvcmsdocs\source\Organizations\GeneralSettings.rst:46: WARNING: Definition list ends without a blank line; unexpected 
unindent.
E:\GitHub\bvcmsdocs\source\Organizations\GeneralSettings.rst:55: WARNING: Definition list ends without a blank line; unexpected 
unindent.
E:\GitHub\bvcmsdocs\source\Organizations\GeneralSettings.rst:65: WARNING: Definition list ends without a blank line; unexpected 
unindent.
E:\GitHub\bvcmsdocs\source\Organizations\GeneralSettings.rst:73: WARNING: Inline strong start-string without end-string.
E:\GitHub\bvcmsdocs\source\Organizations\GeneralSettings.rst:74: WARNING: Definition list ends without a blank line; unexpected 
unindent.
E:\GitHub\bvcmsdocs\source\Organizations\GeneralSettings.rst:82: WARNING: Definition list ends without a blank line; unexpected 
unindent.
E:\GitHub\bvcmsdocs\source\Organizations\LeaderTypes.rst:14: ERROR: Undefined substitution referenced: "image0| |image1".
E:\GitHub\bvcmsdocs\source\Organizations\Meeting_AttendanceByGroups.rst:12: WARNING: Inline strong start-string without 
end-string.
E:\GitHub\bvcmsdocs\source\Organizations\MissionTripRegistrationOrg.rst:79: SEVERE: Title level inconsistent:

Confirmation
^^^^^^^^^^^^
E:\GitHub\bvcmsdocs\source\Organizations\MissionTripRegistrationOrg.rst:89: SEVERE: Title level inconsistent:

Online Notify Person
^^^^^^^^^^^^^^^^^^^^
E:\GitHub\bvcmsdocs\source\Organizations\MissionTripRegistrationOrg.rst:96: SEVERE: Title level inconsistent:

Instructions
^^^^^^^^^^^^

E:\GitHub\bvcmsdocs\source\Organizations\MissionTripRegistrationOrg.rst:104: SEVERE: Title level inconsistent:

Notify Person/s for Gift
^^^^^^^^^^^^^^^^^^^^^^^^
E:\GitHub\bvcmsdocs\source\Organizations\MissionTripRegistrationOrg.rst:116: SEVERE: Title level inconsistent:

Support Email?
^^^^^^^^^^^^^^
E:\GitHub\bvcmsdocs\source\Organizations\MissionTripRegistrationOrg.rst:126: WARNING: Inline strong start-string without 
end-string.
E:\GitHub\bvcmsdocs\source\Organizations\MissionTripRegistrationOrg.rst:139: SEVERE: Title level inconsistent:

Sender Confirmation
^^^^^^^^^^^^^^^^^^^
E:\GitHub\bvcmsdocs\source\Organizations\OrgChildren_Index.rst:26: ERROR: Unexpected indentation.
E:\GitHub\bvcmsdocs\source\Organizations\OrgChildren_Index.rst:27: WARNING: Block quote ends without a blank line; unexpected 
unindent.
E:\GitHub\bvcmsdocs\source\Organizations\OrgChildren_Index.rst:44: ERROR: Unexpected indentation.
E:\GitHub\bvcmsdocs\source\Organizations\OrgChildren_Index.rst:45: WARNING: Block quote ends without a blank line; unexpected 
unindent.
E:\GitHub\bvcmsdocs\source\Organizations\OrgMembersPromotion.rst:129: ERROR: Unexpected indentation.
E:\GitHub\bvcmsdocs\source\Organizations\OrgMembersPromotion.rst:130: WARNING: Block quote ends without a blank line; unexpected 
unindent.
E:\GitHub\bvcmsdocs\source\Organizations\PrintingRollsheets.rst:76: WARNING: Definition list ends without a blank line; 
unexpected unindent.
E:\GitHub\bvcmsdocs\source\Organizations\PrintingRollsheets.rst:116: ERROR: Unexpected indentation.
E:\GitHub\bvcmsdocs\source\Organizations\PrintingRollsheets.rst:40: ERROR: Undefined substitution referenced: "image1| |image2".
E:\GitHub\bvcmsdocs\source\Organizations\ProgramsDivisionsOrganizations.rst:68: SEVERE: Unexpected section title.

\*Meetings
~~~~~~~~~~
E:\GitHub\bvcmsdocs\source\Organizations\ProgramsDivisionsOrganizationsHierarchy.rst:82: WARNING: Line block ends without a 
blank line.
E:\GitHub\bvcmsdocs\source\Organizations\PromotionManagement.rst:26: WARNING: Line block ends without a blank line.
E:\GitHub\bvcmsdocs\source\Organizations\PromotionManagement.rst:36: WARNING: Inline interpreted text or phrase reference 
start-string without end-string.
E:\GitHub\bvcmsdocs\source\Organizations\PromotionManagement.rst:37: WARNING: Line block ends without a blank line.
E:\GitHub\bvcmsdocs\source\Organizations\PromotionManagement.rst:49: WARNING: Inline interpreted text or phrase reference 
start-string without end-string.
E:\GitHub\bvcmsdocs\source\Organizations\PromotionManagement.rst:50: WARNING: Line block ends without a blank line.
E:\GitHub\bvcmsdocs\source\Organizations\RallyRollsheetsAttendance.rst:112: ERROR: Unexpected indentation.
E:\GitHub\bvcmsdocs\source\Organizations\RallyRollsheetsAttendance.rst:113: WARNING: Block quote ends without a blank line; 
unexpected unindent.
E:\GitHub\bvcmsdocs\source\Organizations\RecordingAttendanceiPhone.rst:37: WARNING: Bullet list ends without a blank line; 
unexpected unindent.
E:\GitHub\bvcmsdocs\source\Organizations\RecordingAttendanceiPhone.rst:37: SEVERE: Missing matching underline for section title 
overline.

============================================
? ?|image4|
E:\GitHub\bvcmsdocs\source\Organizations\RecordingAttendanceiPhone.rst:34: ERROR: Undefined substitution referenced: "image1| 
|image2| |image3".
E:\GitHub\bvcmsdocs\source\Organizations\RecordingAttendanceiPhone.rst:43: ERROR: Undefined substitution referenced: "image5| 
|image6".
E:\GitHub\bvcmsdocs\source\Organizations\RecordingAttendanceiPhone.rst:57: ERROR: Undefined substitution referenced: "image7| 
|image8| |image9".
E:\GitHub\bvcmsdocs\source\Organizations\Reports_Meetings.rst:11: WARNING: Inline strong start-string without end-string.
E:\GitHub\bvcmsdocs\source\Organizations\Reports_RecentAbsents.rst:24: WARNING: Inline interpreted text or phrase reference 
start-string without end-string.
E:\GitHub\bvcmsdocs\source\Organizations\RollsheetsSmallGroup.rst:48: WARNING: Definition list ends without a blank line; 
unexpected unindent.
E:\GitHub\bvc
msdocs\source\Organizations\SmallGroupFinderStep1.rst:15: WARNING: Inline strong start-string without end-string.
E:\GitHub\bvcmsdocs\source\Organizations\SmallGroupFinderStep1.rst:47: WARNING: Inline strong start-string without end-string.
E:\GitHub\bvcmsdocs\source\Organizations\SmallGroupFinderStep1.rst:48: WARNING: Inline substitution_reference start-string 
without end-string.
E:\GitHub\bvcmsdocs\source\Organizations\SmallGroupFinderStep1.rst:74: WARNING: Inline strong start-string without end-string.
E:\GitHub\bvcmsdocs\source\Organizations\SmallGroupFinderStep1.rst:74: WARNING: Inline substitution_reference start-string 
without end-string.
E:\GitHub\bvcmsdocs\source\Organizations\SmallGroupFinderStep1.rst:85: ERROR: Unexpected indentation.
E:\GitHub\bvcmsdocs\source\Organizations\VBSFollowup.rst:47: WARNING: Definition list ends without a blank line; unexpected 
unindent.
E:\GitHub\bvcmsdocs\source\Organizations\VBSFollowup.rst:60: ERROR: Unexpected indentation.
E:\GitHub\bvcmsdocs\source\Organizations\VBSFollowup.rst:61: WARNING: Block quote ends without a blank line; unexpected unindent.
E:\GitHub\bvcmsdocs\source\Organizations\Volunteers_Calendar.rst:22: ERROR: Unexpected indentation.
E:\GitHub\bvcmsdocs\source\Organizations\Volunteers_Calendar.rst:23: WARNING: Block quote ends without a blank line; unexpected 
unindent.
E:\GitHub\bvcmsdocs\source\Organizations\Volunteers_Calendar.rst:26: ERROR: Unexpected indentation.
E:\GitHub\bvcmsdocs\source\Organizations\Volunteers_Calendar.rst:108: ERROR: Unexpected indentation.
E:\GitHub\bvcmsdocs\source\Organizations\Volunteers_Calendar.rst:106: WARNING: Inline strong start-string without end-string.
E:\GitHub\bvcmsdocs\source\Organizations\Volunteers_Calendar.rst:109: WARNING: Block quote ends without a blank line; unexpected 
unindent.
E:\GitHub\bvcmsdocs\source\People\DeceasedMembers.rst:16: WARNING: undecodable source characters, replacing with "?": "        
Go to the `Personal` tab of the>>>\xa0<<<individual's record in the database and click `Edit`"
E:\GitHub\bvcmsdocs\source\People\JoinByLetter.rst:11: SEVERE: Unexpected section title.

Requirement:
~~~~~~~~~~~~
E:\GitHub\bvcmsdocs\source\People\JoinByLetter.rst:17: SEVERE: Unexpected section title.

Recording Decision
~~~~~~~~~~~~~~~~~~
E:\GitHub\bvcmsdocs\source\People\JoinByLetter.rst:24: SEVERE: Unexpected section title.

These changes will occur automatically:
~~~~~~~~~~~~~~~~~~~~~~~~~~~~~~~~~~~~~~~
E:\GitHub\bvcmsdocs\source\People\JoinByLetter.rst:32: SEVERE: Unexpected section title.

The only requirement is the New Member Class (see Membership Requirements ? New Member Class)
~~~~~~~~~~~~~~~~~~~~~~~~~~~~~~~~~~~~~~~~~~~~~~~~~~~~~~~~~~~~~~~~~~~~~~~~~~~~~~~~~~~~~~~~~~~~~
E:\GitHub\bvcmsdocs\source\People\JoinByLetter.rst:38: SEVERE: Unexpected section title.

Once the New Member Class requirement has been recorded the following changes will happen automatically
~~~~~~~~~~~~~~~~~~~~~~~~~~~~~~~~~~~~~~~~~~~~~~~~~~~~~~~~~~~~~~~~~~~~~~~~~~~~~~~~~~~~~~~~~~~~~~~~~~~~~~~
E:\GitHub\bvcmsdocs\source\People\JoinByLetter.rst:45: SEVERE: Unexpected section title.

Contribution Statements and Envelope Options
~~~~~~~~~~~~~~~~~~~~~~~~~~~~~~~~~~~~~~~~~~~~

E:\GitHub\bvcmsdocs\source\People\JoinByLetter.rst:58: SEVERE: Unexpected section title.

Notes: You can record when you request (and receive) a church letter in the Notes section on the Member Tab and use Search 
Builder to track this. You can also record any other membership related information that you might need to keep.
~~~~~~~~~~~~~~~~~~~~~~~~~~~~~~~~~~~~~~~~~~~~~~~~~~~~~~~~~~~~~~~~~~~~~~~~~~~~~~~~~~~~~~~~~~~~~~~~~~~~~~~~~~~~~~~~~~~~~~~~~~~~~~~~~
~~~~~~~~~~~~~~~~~~~~~~~~~~~~~~~~~~~~~~~~~~~~~~~~~~~~~~~~~~~~~~~~~~~~~~~~~~~~~~~~~~~~~~~~~~~~~~~~~~~~~~~~~~
E:\GitHub\bvcmsdocs\source\People\JoinByStatement.rst:10: SEVERE: Unexpected section title.

Requirement:
~~~~~~~~~~~~
E:\GitHub\bvcmsdocs\source\People\JoinByStatement.rst:16: SEVERE: Unexpected section title.

Recording Decision
~~~~~~~~~~~~~~~~~~
E:\GitHub\bvcmsdocs\source\People\JoinByStatement.rst:23: SEVERE: Unexpected section title.

These changes will occur automatically:
~~~~~~~~~~~~~~~~~~~~~~~~~~~~~~~~~~~~~~~
E:\GitHub\bvcmsdocs\source\People\JoinByStatement.rst:31: SEVERE: Unexpected section title.

The only requirement is the New Member Class
~~~~~~~~~~~~~~~~~~~~~~~~~~~~~~~~~~~~~~~~~~~~
E:\GitHub\bvcmsdocs\source\People\JoinByStatement.rst:41: SEVERE: Unexpected section title.

Once the New Member Class requirement has been recorded the following changes will happen automatically
~~~~~~~~~~~~~~~~~~~~~~~~~~~~~~~~~~~~~~~~~~~~~~~~~~~~~~~~~~~~~~~~~~~~~~~~~~~~~~~~~~~~~~~~~~~~~~~~~~~~~~~
E:\GitHub\bvcmsdocs\source\People\JoinByStatement.rst:48: SEVERE: Unexpected section title.

Contribution Statements and Envelope Options
~~~~~~~~~~~~~~~~~~~~~~~~~~~~~~~~~~~~~~~~~~~~
E:\GitHub\bvcmsdocs\source\People\JoinByStatementReqBaptism.rst:13: SEVERE: Unexpected section title.

Requirements:
~~~~~~~~~~~~~
E:\GitHub\bvcmsdocs\source\People\JoinByStatementReqBaptism.rst:21: SEVERE: Unexpected section title.

Recording Decision
~~~~~~~~~~~~~~~~~~
E:\GitHub\bvcmsdocs\source\People\JoinByStatementReqBaptism.rst:28: SEVERE: Unexpected section title.

These changes will occur automatically:
~~~~~~~~~~~~~~~~~~~~~~~~~~~~~~~~~~~~~~~
E:\GitHub\bvcmsdocs\source\People\JoinByStatementReqBaptism.rst:37: SEVERE: Unexpected section title.

The requirements (Baptism & New Member Class) can be completed in either order
~~~~~~~~~~~~~~~~~~~~~~~~~~~~~~~~~~~~~~~~~~~~~~~~~~~~~~~~~~~~~~~~~~~~~~~~~~~~~~
E:\GitHub\bvcmsdocs\source\People\JoinByStatementReqBaptism.rst:44: SEVERE: Unexpected section title.

Once the last requirement has been recorded the following changes will happen automatically
~~~~~~~~~~~~~~~~~~~~~~~~~~~~~~~~~~~~~~~~~~~~~~~~~~~~~~~~~~~~~~~~~~~~~~~~~~~~~~~~~~~~~~~~~~~
E:\GitHub\bvcmsdocs\source\People\JoinByStatementReqBaptism.rst:53: SEVERE: Unexpected section title.

Contribution Statements and Envelope Options
~~~~~~~~~~~~~~~~~~~~~~~~~~~~~~~~~~~~~~~~~~~~
E:\GitHub\bvcmsdocs\source\People\MembershipRequiringBaptism.rst:7: WARNING: Line block ends without a blank line.
E:\GitHub\bvcmsdocs\source\People\PeopleSearch_Index.rst:14: ERROR: Unexpected indentation.
E:\GitHub\bvcmsdocs\source\People\PeopleSearch_Index.rst:14: WARNING: Inline strong start-string without end-string.
E:\GitHub\bvcmsdocs\source\People\PeopleSearch_Index.rst:15: WARNING: Block quote ends without a blank line; unexpected unindent.
E:\GitHub\bvcmsdocs\source\People\PeopleSearch_Index.rst:17: WARNING: Definition list ends without a blank line; unexpected 
unindent.
E:\GitHub\bvcmsdocs\source\People\PeopleSearch_Index.rst:32: WARNING: Inline interpreted text or phrase reference start-string 
without end-string.
E:\GitHub\bvcmsdocs\source\People\PersonPageTabs.rst:107: WARNING: Inline interpreted text or phrase reference start-string 
without end-string.
E:\GitHub\bvcmsdocs\source\People\PersonPageTabs.rst:125: WARNING: Inline interpreted text or phrase reference start-string 
without end-string.
E:\GitHub\bvcmsdocs\source\People\PersonPageTabs.rst:166: WARNING: Inline interpreted text or phrase reference start-string 
without end-string.
E:\GitHub\bvcmsdocs\
source\People\StatusFlags.rst:38: SEVERE: Unexpected section title.

Badges
~~~~~~
E:\GitHub\bvcmsdocs\source\People\StatusFlags.rst:45: SEVERE: Unexpected section title.

People Record
~~~~~~~~~~~~~
E:\GitHub\bvcmsdocs\source\People\StatusFlags.rst:56: SEVERE: Unexpected section title.

Status Flag Export
~~~~~~~~~~~~~~~~~~
E:\GitHub\bvcmsdocs\source\People\StatusFlags.rst:64: SEVERE: Unexpected section title.

People Search
~~~~~~~~~~~~~
E:\GitHub\bvcmsdocs\source\People\StatusFlags.rst:75: SEVERE: Unexpected section title.

?Search Builder Condition
~~~~~~~~~~~~~~~~~~~~~~~~~
E:\GitHub\bvcmsdocs\source\People\StatusFlags.rst:123: WARNING: Inline interpreted text or phrase reference start-string without 
end-string.
E:\GitHub\bvcmsdocs\source\People\StatusFlags.rst:140: SEVERE: Title level inconsistent:

Starter Set:
^^^^^^^^^^^^
E:\GitHub\bvcmsdocs\source\People\StatusFlags.rst:144: WARNING: Line block ends without a blank line.
E:\GitHub\bvcmsdocs\source\People\StatusFlags.rst:148: WARNING: Line block ends without a blank line.
E:\GitHub\bvcmsdocs\source\People\u_Person_Index.rst:15: ERROR: Unexpected indentation.
E:\GitHub\bvcmsdocs\source\People\u_Person_Index.rst:11: WARNING: Inline interpreted text or phrase reference start-string 
without end-string.
E:\GitHub\bvcmsdocs\source\People\u_Person_Index.rst:16: WARNING: Block quote ends without a blank line; unexpected unindent.
E:\GitHub\bvcmsdocs\source\SearchAdd\AddNewFamily.rst:35: ERROR: Duplicate substitution definition name: "image".
E:\GitHub\bvcmsdocs\source\SearchAdd\SearchAdd.rst:45: WARNING: Line block ends without a blank line.
E:\GitHub\bvcmsdocs\source\SearchAdd\SearchAdd.rst:53: WARNING: Line block ends without a blank line.
E:\GitHub\bvcmsdocs\source\SearchAdd\SearchAdd_FamilyResults.rst:7: WARNING: Line block ends without a blank line.
E:\GitHub\bvcmsdocs\source\SearchAdd\SearchAdd_SearchFamily_addpeople.rst:46: WARNING: Line block ends without a blank line.
E:\GitHub\bvcmsdocs\source\SearchAdd\SearchAdd_SearchPerson.rst:23: ERROR: Unexpected indentation.
E:\GitHub\bvcmsdocs\source\SearchAdd\SearchAdd_SearchPerson.rst:24: WARNING: Block quote ends without a blank line; unexpected 
unindent.
E:\GitHub\bvcmsdocs\source\SearchAdd\SearchAdd_SearchPerson.rst:48: WARNING: Line block ends without a blank line.
E:\GitHub\bvcmsdocs\source\SearchAdd\SearchFamily.rst:46: WARNING: Line block ends without a blank line.
E:\GitHub\bvcmsdocs\source\SearchBuilder\FirstTimeGivers.rst:35: ERROR: Duplicate substitution definition name: "image".
E:\GitHub\bvcmsdocs\source\SearchBuilder\QB-CellPhone.rst:34: WARNING: Inline strong start-string without end-string.
E:\GitHub\bvcmsdocs\source\SearchBuilder\QB-FirstName.rst:26: WARNING: Inline strong start-string without end-string.
E:\GitHub\bvcmsdocs\source\SearchBuilder\QB-HomePhone.rst:34: WARNING: Inline strong start-string without end-string.
E:\GitHub\bvcmsdocs\source\SearchBuilder\QB-LastName.rst:26: WARNING: Inline strong start-string without end-string.
E:\GitHub\bvcmsdocs\source\SearchBuilder\QB-MaidenName.rst:26: WARNING: Inline strong start-string without end-string.
E:\GitHub\bvcmsdocs\source\SearchBuilder\QB-MiddleName.rst:26: WARNING: Inline strong start-string without end-string.
E:\GitHub\bvcmsdocs\source\SearchBuilder\QB-NickName.rst:26: WARNING: Inline strong start-string without end-string.

E:\GitHub\bvcmsdocs\source\SearchBuilder\QB-OtherNewChurch.rst:37: WARNING: Inline strong start-string without end-string.
E:\GitHub\bvcmsdocs\source\SearchBuilder\QB-OtherPreviousChurch.rst:37: WARNING: Inline strong start-string without end-string.
E:\GitHub\bvcmsdocs\source\SearchBuilder\QB-PeopleExtraDate.rst:: ERROR: Anonymous hyperlink mismatch: 1 references but 0 
targets.
See "backrefs" attribute for IDs.
E:\GitHub\bvcmsdocs\source\SearchBuilder\QB-PrimaryAddress.rst:33: WARNING: Inline strong start-string without end-string.
E:\GitHub\bvcmsdocs\source\SearchBuilder\QB-PrimaryAddress2.rst:28: WARNING: Inline strong start-string without end-string.
E:\GitHub\bvcmsdocs\source\SearchBuilder\QB-PrimaryCity.rst:24: WARNING: Inline strong start-string without end-string.
E:\GitHub\bvcmsdocs\source\SearchBuilder\QB-PrimaryCountry.rst:30: WARNING: Inline strong start-string without end-string.
E:\GitHub\bvcmsdocs\source\SearchBuilder\QB-PrimaryZip.rst:32: WARNING: Inline strong start-string without end-string.
E:\GitHub\bvcmsdocs\source\SearchBuilder\QB-RecentContributionCount.rst:13: ERROR: Unknown target name: "sample search".
E:\GitHub\bvcmsdocs\source\SearchBuilder\QB-RecentGivingAsPctOfPrevious.rst:20: ERROR: Content block expected for the "note" 
directive; none found.
E:\GitHub\bvcmsdocs\source\SearchBuilder\QB-UserRole.rst:16: ERROR: Undefined substitution referenced: "image0| |image1".
E:\GitHub\bvcmsdocs\source\SearchBuilder\QB-WorkPhone.rst:34: WARNING: Inline strong start-string without end-string.
E:\GitHub\bvcmsdocs\source\SearchBuilder\QueryBuilder_Main.rst:88: WARNING: Line block ends without a blank line.
E:\GitHub\bvcmsdocs\source\SummaryReports\Report_DecisionSummary.rst:31: WARNING: Line block ends without a blank line.
E:\GitHub\bvcmsdocs\source\SummaryReports\Report_DecisionSummary.rst:41: WARNING: Line block ends without a blank line.
E:\GitHub\bvcmsdocs\source\SummaryReports\Report_DecisionSummary.rst:47: WARNING: Line block ends without a blank line.
E:\GitHub\bvcmsdocs\source\SummaryReports\Report_DecisionSummary.rst:54: WARNING: Line block ends without a blank line.
E:\GitHub\bvcmsdocs\source\SummaryReports\Report_DecisionSummary.rst:61: WARNING: Line block ends without a blank line.
E:\GitHub\bvcmsdocs\source\SummaryReports\WeekAtAGlanceSpecs.rst:36: WARNING: Line block ends without a blank line.
E:\GitHub\bvcmsdocs\source\SummaryReports\WorshipAtt.rst:83: WARNING: Inline interpreted text or phrase reference start-string 
without end-string.

E:\GitHub\bvcmsdocs\source\EmailTexting\u_Email_Index.rst:: WARNING: document isn't included in any toctree

E:\GitHub\bvcmsdocs\source\main-toc.rst:: WARNING: document isn't included in any toctree

E:\GitHub\bvcmsdocs\source\Administration\Display_Index.rst:50: WARNING: unknown document: ../ExtraValues/StandardExtraValues

E:\GitHub\bvcmsdocs\source\BlueToolbar\toolbar.rst:110: WARNING: unknown document: ../ExtraValues/StandardExtraValues
E:\GitHub\bvcmsdocs\source\BlueToolbar\toolbar.rst:443: WARNING: unknown document: ../People/Tasks
E:\GitHub\bvcmsdocs\source\ContactsAndTasks\Tasks.rst:10: WARNING: unknown document: AssigningTasks
E:\GitHub\bvcmsdocs\source\ContactsAndTasks\Tasks.rst:13: WARNING: unknown document: ../ContactsAndTasks/AcceptingTasks
E:\GitHub\bvcmsdocs\source\ContactsAndTasks\Tasks.rst:16: WARNING: unknown document: AssigningTasks
E:\GitHub\bvcmsdocs\source\ContactsAndTasks\Tasks.rst:35: WARNING: unknown document: ../ContactsAndTasks/AcceptingTasks
E:\GitHub\bvcmsdocs\source\ExtraValues\ConfidentialComments.rst:6: WARNING: unknown document: StandardExtraValues
E:\GitHub\bvcmsdocs\source\ExtraValues\ExtraValuesSettings.rst:11: WARNING: unknown document: StandardExtraValues

E:\GitHub\bvcmsdocs\source\GettingStarted\NextSteps.rst:119: WARNING: unknown document: <../Miscellaneous/Webinars>
E:\GitHub\bvcmsdocs\source\GettingStarted\NextSteps.rst:139: WARNING: unknown document: ../ContactsAndTasks/AcceptingTasks

E:\GitHub\bvcmsdocs\source\Miscellaneous\Home_Index.rst:17: WARNING: unknown document: ../People/Tasks

E:\GitHub\bvcmsdocs\source\Miscellaneous\Home_Index.rst:36: WARNING: unknown document: ../Administration/FirstSteps

E:\GitHub\bvcmsdocs\source\Miscellaneous\Home_Index.rst:38: WARNING: unknown document: ../Administration/GettingStarted

E:\GitHub\bvcmsdocs\source\Miscellaneous\Videos.rst:44: WARNING: unknown document: videos#person

E:\GitHub\bvcmsdocs\source\Miscellaneous\Videos.rst:9: WARNING: unknown document: videos#organization
E:\GitHub\bvcmsdocs\source\Miscellaneous\Videos.rst:9: WARNING: unknown document: videos#query
E:\GitHub\bvcmsdocs\source\Miscellaneous\Videos.rst:9: WARNING: unknown document: videos#checkin

E:\GitHub\bvcmsdocs\source\Miscellaneous\Videos.rst:9: WARNING: unknown document: videos#labels
E:\GitHub\bvcmsdocs\source\Miscellaneous\Videos.rst:9: WARNING: unknown document: videos#insertpeople

E:\GitHub\bvcmsdocs\source\Miscellaneous\Videos.rst:9: WARNING: unknown document: videos#onlinereg

E:\GitHub\bvcmsdocs\source\Miscellaneous\Videos.rst:9: WARNING: unknown document: videos#tasks

E:\GitHub\bvcmsdocs\source\Miscellaneous\Videos.rst:9: WARNING: unknown document: videos#contributions

E:\GitHub\bvcmsdocs\source\Miscellaneous\Videos.rst:9: WARNING: unknown document: videos#emailmanage

E:\GitHub\bvcmsdocs\source\Miscellaneous\Videos.rst:9: WARNING: unknown document: videos#iphone
E:\GitHub\bvcmsdocs\source\Miscellaneous\Videos.rst:9: WARNING: unknown document: videos#admin

E:\GitHub\bvcmsdocs\source\Miscellaneous\Videos.rst:31: WARNING: unknown document: videos#training

E:\GitHub\bvcmsdocs\source\Miscellaneous\Videos.rst:31: WARNING: unknown document: videos#calendar

E:\GitHub\bvcmsdocs\source\Miscellaneous\Videos.rst:31: WARNING: unknown document: videos#promotion

E:\GitHub\bvcmsdocs\source\Miscellaneous\Videos.rst:31: WARNING: unknown document: videos#mydata

E:\GitHub\bvcmsdocs\source\Miscellaneous\Videos.rst:31: WARNING: unknown document: videos#layleader

E:\GitHub\bvcmsdocs\source\Miscellaneous\Videos.rst:31: WARNING: unknown document: videos#directory

E:\GitHub\bvcmsdocs\source\Organizations\AttendanceByGroups.rst:13: WARNING: unknown document: GroupMemberManagement

E:\GitHub\bvcmsdocs\source\Organizations\AttenderReports.rst:24: WARNING: unknown document: ../People/Tasks

E:\GitHub\bvcmsdocs\source\Organizations\Meeting_AttendanceByGroups.rst:27: WARNING: unknown document: GroupMemberManagement

E:\GitHub\bvcmsdocs\source\Organizations\OrgSearch_Index.rst:56: WARNING: unknown document: ShirtSizes

E:\GitHub\bvcmsdocs\source\Organizations\OrgSettings_Index.rst:19: WARNING: unknown document: FeesSettings

E:\GitHub\bvcmsdocs\source\Organizations\OtherManagement.rst:34: WARNING: unknown document: MembersOnlyPage
E:\GitHub\bvcmsdocs\source\Organizations\RecordingAttendanceiPhone.rst:6: WARNING: unknown document: ParentChildOrgs
E:\GitHub\bvcmsdocs\source\People\Family_Index.rst:6: WARNING: unknown document: AddNewFamily

E:\GitHub\bvcmsdocs\source\SearchBuilder\QB-HasIncompleteTask.rst:23: WARNING: unknown document: ../People/Tasks
E:\GitHub\bvcmsdocs\source\SearchBuilder\QB-HasTaskWithName.rst:24: WARNING: unknown document: ../People/Tasks

